// Vitest Snapshot v1, https://vitest.dev/guide/snapshot.html

exports[`HelloWorld > renders properly 1`] = `"<img data-v-c76ad58e="" class="pokemon-image-cover" alt="">"`;
