// Vitest Snapshot v1, https://vitest.dev/guide/snapshot.html

exports[`<PokemonPicture /> > renders properly 1`] = `"<img data-v-c76ad58e="" class="pokemon-image-cover apply-filter" src="https://raw.githubusercontent.com/PokeAPI/sprites/master/sprites/pokemon/other/official-artwork/1.png" alt="">"`;

exports[`HelloWorld > renders properly 1`] = `"<img data-v-c76ad58e="" class="pokemon-image-cover" alt="">"`;
